/Users/linshangjin/opt/anaconda3/envs/unified/lib/python3.9/site-packages/hydra/_internal/defaults_list.py:251: UserWarning: In 'config': Defaults list is missing `_self_`. See https://hydra.cc/docs/1.2/upgrades/1.0_to_1.1/default_composition_order for more information
  warnings.warn(msg, UserWarning)
wandb: WARNING Using a boolean value for 'reinit' is deprecated. Use 'return_previous' or 'finish_previous' instead.
wandb: Tracking run with wandb version 0.25.0
wandb: W&B syncing is set to `offline` in this directory. Run `wandb online` or set WANDB_MODE=online to enable cloud syncing.
wandb: Run data is saved locally in /Users/linshangjin/Desktop/dachuang/models/unified/wandb/offline-run-20260228_220234-ryajqqka
[2026-02-28 22:02:35,189][optimizer.py][L13][INFO] Parameters [normal] length [48]
[2026-02-28 22:02:35,191][training.py][L38][INFO] #model params: 3600638
/Users/linshangjin/Desktop/dachuang/models/unified/source/models/ASDFormer/ASDFormer.py:718: UserWarning: The operator 'aten::index.Tensor' is not currently supported on the MPS backend and will fall back to run on the CPU. This may have performance implications. (Triggered internally at  /Users/runner/work/pytorch/pytorch/pytorch/aten/src/ATen/mps/MPSFallback.mm:11.)
  time_series_rearranged = time_series[:, rearranged_indices, :]
/Users/linshangjin/opt/anaconda3/envs/unified/lib/python3.9/site-packages/hydra/_internal/defaults_list.py:251: UserWarning: In 'config': Defaults list is missing `_self_`. See https://hydra.cc/docs/1.2/upgrades/1.0_to_1.1/default_composition_order for more information
  warnings.warn(msg, UserWarning)
wandb: Finishing previous runs because reinit is set to True.
wandb: You can sync this run to the cloud by running:
wandb: wandb sync /Users/linshangjin/Desktop/dachuang/models/unified/wandb/offline-run-20260228_220234-ryajqqka
wandb: Find logs at: ./wandb/offline-run-20260228_220234-ryajqqka/logs
wandb: Tracking run with wandb version 0.25.0
wandb: W&B syncing is set to `offline` in this directory. Run `wandb online` or set WANDB_MODE=online to enable cloud syncing.
wandb: Run data is saved locally in /Users/linshangjin/Desktop/dachuang/models/unified/wandb/offline-run-20260228_220235-xo4y0hof
/Users/linshangjin/opt/anaconda3/envs/unified/lib/python3.9/site-packages/hydra/_internal/defaults_list.py:251: UserWarning: In 'config': Defaults list is missing `_self_`. See https://hydra.cc/docs/1.2/upgrades/1.0_to_1.1/default_composition_order for more information
  warnings.warn(msg, UserWarning)
wandb: Finishing previous runs because reinit is set to True.
wandb: You can sync this run to the cloud by running:
wandb: wandb sync /Users/linshangjin/Desktop/dachuang/models/unified/wandb/offline-run-20260228_220235-xo4y0hof
wandb: Find logs at: ./wandb/offline-run-20260228_220235-xo4y0hof/logs
wandb: Tracking run with wandb version 0.25.0
wandb: W&B syncing is set to `offline` in this directory. Run `wandb online` or set WANDB_MODE=online to enable cloud syncing.
wandb: Run data is saved locally in /Users/linshangjin/Desktop/dachuang/models/unified/wandb/offline-run-20260228_220236-afol612u
/Users/linshangjin/opt/anaconda3/envs/unified/lib/python3.9/site-packages/torch/nn/_reduction.py:42: UserWarning: size_average and reduce args will be deprecated, please use reduction='sum' instead.
  warnings.warn(warning.format(ret))
[2026-02-28 22:02:36,316][optimizer.py][L13][INFO] Parameters [normal] length [39]
[2026-02-28 22:02:36,317][training.py][L38][INFO] #model params: 3980890
[2026-02-28 22:02:36,878][training.py][L204][INFO] Epoch[0/50] | Train Loss:-1.000 | Train Accuracy:-1.000% | Test Loss: 3.986 | Test Accuracy: 66.667% | Test AUC:0.6250 | Val AUC:0.5000 | Test Sen:0.0000 | LR:0.00010
[2026-02-28 22:02:37,158][training.py][L204][INFO] Epoch[1/50] | Train Loss:-1.000 | Train Accuracy:-1.000% | Test Loss: 3.986 | Test Accuracy: 66.667% | Test AUC:0.6250 | Val AUC:0.5000 | Test Sen:0.0000 | LR:0.00010
[2026-02-28 22:02:37,397][training.py][L204][INFO] Epoch[2/50] | Train Loss:-1.000 | Train Accuracy:-1.000% | Test Loss: 3.986 | Test Accuracy: 66.667% | Test AUC:0.6250 | Val AUC:0.5000 | Test Sen:0.0000 | LR:0.00010
[2026-02-28 22:02:37,623][training.py][L204][INFO] Epoch[3/50] | Train Loss:-1.000 | Train Accuracy:-1.000% | Test Loss: 3.986 | Test Accuracy: 66.667% | Test AUC:0.6250 | Val AUC:0.5000 | Test Sen:0.0000 | LR:0.00010
[2026-02-28 22:02:37,853][training.py][L204][INFO] Epoch[4/50] | Train Loss:-1.000 | Train Accuracy:-1.000% | Test Loss: 3.986 | Test Accuracy: 66.667% | Test AUC:0.6250 | Val AUC:0.5000 | Test Sen:0.0000 | LR:0.00010
[2026-02-28 22:02:38,108][training.py][L204][INFO] Epoch[5/50] | Train Loss:-1.000 | Train Accuracy:-1.000% | Test Loss: 3.986 | Test Accuracy: 66.667% | Test AUC:0.6250 | Val AUC:0.5000 | Test Sen:0.0000 | LR:0.00010
[2026-02-28 22:02:38,359][training.py][L204][INFO] Epoch[6/50] | Train Loss:-1.000 | Train Accuracy:-1.000% | Test Loss: 3.986 | Test Accuracy: 66.667% | Test AUC:0.6250 | Val AUC:0.5000 | Test Sen:0.0000 | LR:0.00010
[2026-02-28 22:02:38,605][training.py][L204][INFO] Epoch[7/50] | Train Loss:-1.000 | Train Accuracy:-1.000% | Test Loss: 3.986 | Test Accuracy: 66.667% | Test AUC:0.6250 | Val AUC:0.5000 | Test Sen:0.0000 | LR:0.00010
[2026-02-28 22:02:38,837][training.py][L204][INFO] Epoch[8/50] | Train Loss:-1.000 | Train Accuracy:-1.000% | Test Loss: 3.986 | Test Accuracy: 66.667% | Test AUC:0.6250 | Val AUC:0.5000 | Test Sen:0.0000 | LR:0.00010
[2026-02-28 22:02:39,064][training.py][L204][INFO] Epoch[9/50] | Train Loss:-1.000 | Train Accuracy:-1.000% | Test Loss: 3.986 | Test Accuracy: 66.667% | Test AUC:0.6250 | Val AUC:0.5000 | Test Sen:0.0000 | LR:0.00010
[2026-02-28 22:02:39,304][training.py][L204][INFO] Epoch[10/50] | Train Loss:-1.000 | Train Accuracy:-1.000% | Test Loss: 3.986 | Test Accuracy: 66.667% | Test AUC:0.6250 | Val AUC:0.5000 | Test Sen:0.0000 | LR:0.00010
[2026-02-28 22:02:39,537][training.py][L204][INFO] Epoch[11/50] | Train Loss:-1.000 | Train Accuracy:-1.000% | Test Loss: 3.986 | Test Accuracy: 66.667% | Test AUC:0.6250 | Val AUC:0.5000 | Test Sen:0.0000 | LR:0.00010
[2026-02-28 22:02:39,765][training.py][L204][INFO] Epoch[12/50] | Train Loss:-1.000 | Train Accuracy:-1.000% | Test Loss: 3.986 | Test Accuracy: 66.667% | Test AUC:0.6250 | Val AUC:0.5000 | Test Sen:0.0000 | LR:0.00010
[2026-02-28 22:02:39,996][training.py][L204][INFO] Epoch[13/50] | Train Loss:-1.000 | Train Accuracy:-1.000% | Test Loss: 3.986 | Test Accuracy: 66.667% | Test AUC:0.6250 | Val AUC:0.5000 | Test Sen:0.0000 | LR:0.00010
[2026-02-28 22:02:40,218][training.py][L204][INFO] Epoch[14/50] | Train Loss:-1.000 | Train Accuracy:-1.000% | Test Loss: 3.986 | Test Accuracy: 66.667% | Test AUC:0.6250 | Val AUC:0.5000 | Test Sen:0.0000 | LR:0.00010
[2026-02-28 22:02:40,453][training.py][L204][INFO] Epoch[15/50] | Train Loss:-1.000 | Train Accuracy:-1.000% | Test Loss: 3.986 | Test Accuracy: 66.667% | Test AUC:0.6250 | Val AUC:0.5000 | Test Sen:0.0000 | LR:0.00010
[2026-02-28 22:02:40,678][training.py][L204][INFO] Epoch[16/50] | Train Loss:-1.000 | Train Accuracy:-1.000% | Test Loss: 3.986 | Test Accuracy: 66.667% | Test AUC:0.6250 | Val AUC:0.5000 | Test Sen:0.0000 | LR:0.00010
[2026-02-28 22:02:40,910][training.py][L204][INFO] Epoch[17/50] | Train Loss:-1.000 | Train Accuracy:-1.000% | Test Loss: 3.986 | Test Accuracy: 66.667% | Test AUC:0.6250 | Val AUC:0.5000 | Test Sen:0.0000 | LR:0.00010
[2026-02-28 22:02:41,139][training.py][L204][INFO] Epoch[18/50] | Train Loss:-1.000 | Train Accuracy:-1.000% | Test Loss: 3.986 | Test Accuracy: 66.667% | Test AUC:0.6250 | Val AUC:0.5000 | Test Sen:0.0000 | LR:0.00010
[2026-02-28 22:02:41,362][training.py][L204][INFO] Epoch[19/50] | Train Loss:-1.000 | Train Accuracy:-1.000% | Test Loss: 3.986 | Test Accuracy: 66.667% | Test AUC:0.6250 | Val AUC:0.5000 | Test Sen:0.0000 | LR:0.00010
[2026-02-28 22:02:41,594][training.py][L204][INFO] Epoch[20/50] | Train Loss:-1.000 | Train Accuracy:-1.000% | Test Loss: 3.986 | Test Accuracy: 66.667% | Test AUC:0.6250 | Val AUC:0.5000 | Test Sen:0.0000 | LR:0.00010
[2026-02-28 22:02:41,818][training.py][L204][INFO] Epoch[21/50] | Train Loss:-1.000 | Train Accuracy:-1.000% | Test Loss: 3.986 | Test Accuracy: 66.667% | Test AUC:0.6250 | Val AUC:0.5000 | Test Sen:0.0000 | LR:0.00010
[2026-02-28 22:02:42,050][training.py][L204][INFO] Epoch[22/50] | Train Loss:-1.000 | Train Accuracy:-1.000% | Test Loss: 3.986 | Test Accuracy: 66.667% | Test AUC:0.6250 | Val AUC:0.5000 | Test Sen:0.0000 | LR:0.00010
[2026-02-28 22:02:42,278][training.py][L204][INFO] Epoch[23/50] | Train Loss:-1.000 | Train Accuracy:-1.000% | Test Loss: 3.986 | Test Accuracy: 66.667% | Test AUC:0.6250 | Val AUC:0.5000 | Test Sen:0.0000 | LR:0.00010
[2026-02-28 22:02:42,509][training.py][L204][INFO] Epoch[24/50] | Train Loss:-1.000 | Train Accuracy:-1.000% | Test Loss: 3.986 | Test Accuracy: 66.667% | Test AUC:0.6250 | Val AUC:0.5000 | Test Sen:0.0000 | LR:0.00010
[2026-02-28 22:02:42,741][training.py][L204][INFO] Epoch[25/50] | Train Loss:-1.000 | Train Accuracy:-1.000% | Test Loss: 3.986 | Test Accuracy: 66.667% | Test AUC:0.6250 | Val AUC:0.5000 | Test Sen:0.0000 | LR:0.00010
[2026-02-28 22:02:42,966][training.py][L204][INFO] Epoch[26/50] | Train Loss:-1.000 | Train Accuracy:-1.000% | Test Loss: 3.986 | Test Accuracy: 66.667% | Test AUC:0.6250 | Val AUC:0.5000 | Test Sen:0.0000 | LR:0.00010
[2026-02-28 22:02:43,201][training.py][L204][INFO] Epoch[27/50] | Train Loss:-1.000 | Train Accuracy:-1.000% | Test Loss: 3.986 | Test Accuracy: 66.667% | Test AUC:0.6250 | Val AUC:0.5000 | Test Sen:0.0000 | LR:0.00010
[2026-02-28 22:02:43,428][training.py][L204][INFO] Epoch[28/50] | Train Loss:-1.000 | Train Accuracy:-1.000% | Test Loss: 3.986 | Test Accuracy: 66.667% | Test AUC:0.6250 | Val AUC:0.5000 | Test Sen:0.0000 | LR:0.00010
[2026-02-28 22:02:43,658][training.py][L204][INFO] Epoch[29/50] | Train Loss:-1.000 | Train Accuracy:-1.000% | Test Loss: 3.986 | Test Accuracy: 66.667% | Test AUC:0.6250 | Val AUC:0.5000 | Test Sen:0.0000 | LR:0.00010
[2026-02-28 22:02:43,887][training.py][L204][INFO] Epoch[30/50] | Train Loss:-1.000 | Train Accuracy:-1.000% | Test Loss: 3.986 | Test Accuracy: 66.667% | Test AUC:0.6250 | Val AUC:0.5000 | Test Sen:0.0000 | LR:0.00010
[2026-02-28 22:02:44,114][training.py][L204][INFO] Epoch[31/50] | Train Loss:-1.000 | Train Accuracy:-1.000% | Test Loss: 3.986 | Test Accuracy: 66.667% | Test AUC:0.6250 | Val AUC:0.5000 | Test Sen:0.0000 | LR:0.00010
[2026-02-28 22:02:44,349][training.py][L204][INFO] Epoch[32/50] | Train Loss:-1.000 | Train Accuracy:-1.000% | Test Loss: 3.986 | Test Accuracy: 66.667% | Test AUC:0.6250 | Val AUC:0.5000 | Test Sen:0.0000 | LR:0.00010
[2026-02-28 22:02:44,571][training.py][L204][INFO] Epoch[33/50] | Train Loss:-1.000 | Train Accuracy:-1.000% | Test Loss: 3.986 | Test Accuracy: 66.667% | Test AUC:0.6250 | Val AUC:0.5000 | Test Sen:0.0000 | LR:0.00010
[2026-02-28 22:02:44,803][training.py][L204][INFO] Epoch[34/50] | Train Loss:-1.000 | Train Accuracy:-1.000% | Test Loss: 3.986 | Test Accuracy: 66.667% | Test AUC:0.6250 | Val AUC:0.5000 | Test Sen:0.0000 | LR:0.00010
[2026-02-28 22:02:45,024][training.py][L204][INFO] Epoch[35/50] | Train Loss:-1.000 | Train Accuracy:-1.000% | Test Loss: 3.986 | Test Accuracy: 66.667% | Test AUC:0.6250 | Val AUC:0.5000 | Test Sen:0.0000 | LR:0.00010
[2026-02-28 22:02:45,256][training.py][L204][INFO] Epoch[36/50] | Train Loss:-1.000 | Train Accuracy:-1.000% | Test Loss: 3.986 | Test Accuracy: 66.667% | Test AUC:0.6250 | Val AUC:0.5000 | Test Sen:0.0000 | LR:0.00010
[2026-02-28 22:02:45,479][training.py][L204][INFO] Epoch[37/50] | Train Loss:-1.000 | Train Accuracy:-1.000% | Test Loss: 3.986 | Test Accuracy: 66.667% | Test AUC:0.6250 | Val AUC:0.5000 | Test Sen:0.0000 | LR:0.00010
[2026-02-28 22:02:45,708][training.py][L204][INFO] Epoch[38/50] | Train Loss:-1.000 | Train Accuracy:-1.000% | Test Loss: 3.986 | Test Accuracy: 66.667% | Test AUC:0.6250 | Val AUC:0.5000 | Test Sen:0.0000 | LR:0.00010
[2026-02-28 22:02:45,938][training.py][L204][INFO] Epoch[39/50] | Train Loss:-1.000 | Train Accuracy:-1.000% | Test Loss: 3.986 | Test Accuracy: 66.667% | Test AUC:0.6250 | Val AUC:0.5000 | Test Sen:0.0000 | LR:0.00010
[2026-02-28 22:02:46,164][training.py][L204][INFO] Epoch[40/50] | Train Loss:-1.000 | Train Accuracy:-1.000% | Test Loss: 3.986 | Test Accuracy: 66.667% | Test AUC:0.6250 | Val AUC:0.5000 | Test Sen:0.0000 | LR:0.00010
[2026-02-28 22:02:46,395][training.py][L204][INFO] Epoch[41/50] | Train Loss:-1.000 | Train Accuracy:-1.000% | Test Loss: 3.986 | Test Accuracy: 66.667% | Test AUC:0.6250 | Val AUC:0.5000 | Test Sen:0.0000 | LR:0.00010
[2026-02-28 22:02:46,618][training.py][L204][INFO] Epoch[42/50] | Train Loss:-1.000 | Train Accuracy:-1.000% | Test Loss: 3.986 | Test Accuracy: 66.667% | Test AUC:0.6250 | Val AUC:0.5000 | Test Sen:0.0000 | LR:0.00010
[2026-02-28 22:02:46,854][training.py][L204][INFO] Epoch[43/50] | Train Loss:-1.000 | Train Accuracy:-1.000% | Test Loss: 3.986 | Test Accuracy: 66.667% | Test AUC:0.6250 | Val AUC:0.5000 | Test Sen:0.0000 | LR:0.00010
[2026-02-28 22:02:47,084][training.py][L204][INFO] Epoch[44/50] | Train Loss:-1.000 | Train Accuracy:-1.000% | Test Loss: 3.986 | Test Accuracy: 66.667% | Test AUC:0.6250 | Val AUC:0.5000 | Test Sen:0.0000 | LR:0.00010
[2026-02-28 22:02:47,313][training.py][L204][INFO] Epoch[45/50] | Train Loss:-1.000 | Train Accuracy:-1.000% | Test Loss: 3.986 | Test Accuracy: 66.667% | Test AUC:0.6250 | Val AUC:0.5000 | Test Sen:0.0000 | LR:0.00010
[2026-02-28 22:02:47,547][training.py][L204][INFO] Epoch[46/50] | Train Loss:-1.000 | Train Accuracy:-1.000% | Test Loss: 3.986 | Test Accuracy: 66.667% | Test AUC:0.6250 | Val AUC:0.5000 | Test Sen:0.0000 | LR:0.00010
[2026-02-28 22:02:47,773][training.py][L204][INFO] Epoch[47/50] | Train Loss:-1.000 | Train Accuracy:-1.000% | Test Loss: 3.986 | Test Accuracy: 66.667% | Test AUC:0.6250 | Val AUC:0.5000 | Test Sen:0.0000 | LR:0.00010
[2026-02-28 22:02:48,001][training.py][L204][INFO] Epoch[48/50] | Train Loss:-1.000 | Train Accuracy:-1.000% | Test Loss: 3.986 | Test Accuracy: 66.667% | Test AUC:0.6250 | Val AUC:0.5000 | Test Sen:0.0000 | LR:0.00010
[2026-02-28 22:02:48,228][training.py][L204][INFO] Epoch[49/50] | Train Loss:-1.000 | Train Accuracy:-1.000% | Test Loss: 3.986 | Test Accuracy: 66.667% | Test AUC:0.6250 | Val AUC:0.5000 | Test Sen:0.0000 | LR:0.00010
wandb: 
wandb: Run history:
wandb:         Test AUC ▁▁▁▁▁▁▁▁▁▁▁▁▁▁▁▁▁▁▁▁▁▁▁▁▁▁▁▁▁▁▁▁▁▁▁▁▁▁▁▁
wandb:    Test Accuracy ▁▁▁▁▁▁▁▁▁▁▁▁▁▁▁▁▁▁▁▁▁▁▁▁▁▁▁▁▁▁▁▁▁▁▁▁▁▁▁▁
wandb:        Test Loss ▁▁▁▁▁▁▁▁▁▁▁▁▁▁▁▁▁▁▁▁▁▁▁▁▁▁▁▁▁▁▁▁▁▁▁▁▁▁▁▁
wandb: Test Sensitivity ▁▁▁▁▁▁▁▁▁▁▁▁▁▁▁▁▁▁▁▁▁▁▁▁▁▁▁▁▁▁▁▁▁▁▁▁▁▁▁▁
wandb: Test Specificity ▁▁▁▁▁▁▁▁▁▁▁▁▁▁▁▁▁▁▁▁▁▁▁▁▁▁▁▁▁▁▁▁▁▁▁▁▁▁▁▁
wandb:   Train Accuracy ▁▁▁▁▁▁▁▁▁▁▁▁▁▁▁▁▁▁▁▁▁▁▁▁▁▁▁▁▁▁▁▁▁▁▁▁▁▁▁▁
wandb:       Train Loss ▁▁▁▁▁▁▁▁▁▁▁▁▁▁▁▁▁▁▁▁▁▁▁▁▁▁▁▁▁▁▁▁▁▁▁▁▁▁▁▁
wandb:          Val AUC ▁▁▁▁▁▁▁▁▁▁▁▁▁▁▁▁▁▁▁▁▁▁▁▁▁▁▁▁▁▁▁▁▁▁▁▁▁▁▁▁
wandb:     Val Accuracy ▁▁▁▁▁▁▁▁▁▁▁▁▁▁▁▁▁▁▁▁▁▁▁▁▁▁▁▁▁▁▁▁▁▁▁▁▁▁▁▁
wandb:         Val Loss ▁▁▁▁▁▁▁▁▁▁▁▁▁▁▁▁▁▁▁▁▁▁▁▁▁▁▁▁▁▁▁▁▁▁▁▁▁▁▁▁
wandb:               +1 ...
wandb: 
wandb: Run summary:
wandb:         Best Test AUC 0.625
wandb:    Best Test Accuracy 66.66666
wandb: Best Test Sensitivity 0
wandb: Best Test Specificity 1
wandb:          Best Val AUC 0.5
wandb:              Test AUC 0.625
wandb:         Test Accuracy 66.66666
wandb:             Test Loss 3.98622
wandb:      Test Sensitivity 0
wandb:      Test Specificity 1
wandb:                    +6 ...
wandb: 
wandb: You can sync this run to the cloud by running:
wandb: wandb sync /Users/linshangjin/Desktop/dachuang/models/unified/wandb/offline-run-20260228_220236-afol612u
wandb: Find logs at: ./wandb/offline-run-20260228_220236-afol612u/logs
Error executing job with overrides: ['datasz=100p', 'model=ASDFormer', 'dataset=ADHD200', 'repeat_time=1', 'preprocess=non_mixup']
Traceback (most recent call last):
  File "/Users/linshangjin/Desktop/dachuang/models/unified/source/__main__.py", line 50, in main
    t_acc, t_auc, t_sen, t_spec = model_training(cfg)
  File "/Users/linshangjin/Desktop/dachuang/models/unified/source/__main__.py", line 30, in model_training
    return training.train()
  File "/Users/linshangjin/Desktop/dachuang/models/unified/source/training/training.py", line 201, in train
    val_result = self.test_per_epoch(self.val_dataloader, self.val_loss, self.val_accuracy)
  File "/Users/linshangjin/Desktop/dachuang/models/unified/source/training/training.py", line 126, in test_per_epoch
    predict, _ = self._forward(time_series, node_feature, partial_node_feature)
  File "/Users/linshangjin/Desktop/dachuang/models/unified/source/training/training.py", line 71, in _forward
    output = self.model(time_series, node_feature, partial_node_feature)
  File "/Users/linshangjin/opt/anaconda3/envs/unified/lib/python3.9/site-packages/torch/nn/modules/module.py", line 1130, in _call_impl
    return forward_call(*input, **kwargs)
  File "/Users/linshangjin/Desktop/dachuang/models/unified/source/models/ASDFormer/ASDFormer.py", line 761, in forward
    encoder_outputs, all_attn_softmax, gates, topk_info = self.encoder(
  File "/Users/linshangjin/opt/anaconda3/envs/unified/lib/python3.9/site-packages/torch/nn/modules/module.py", line 1130, in _call_impl
    return forward_call(*input, **kwargs)
  File "/Users/linshangjin/Desktop/dachuang/models/unified/source/models/ASDFormer/ASDFormer.py", line 656, in forward
    inner_states, all_attn_softmax = self.encoder( FC_matrix )
  File "/Users/linshangjin/opt/anaconda3/envs/unified/lib/python3.9/site-packages/torch/nn/modules/module.py", line 1130, in _call_impl
    return forward_call(*input, **kwargs)
  File "/Users/linshangjin/Desktop/dachuang/models/unified/source/models/ASDFormer/ASDFormer.py", line 314, in forward
    input_nodes, attn = layer(input_nodes)
  File "/Users/linshangjin/opt/anaconda3/envs/unified/lib/python3.9/site-packages/torch/nn/modules/module.py", line 1130, in _call_impl
    return forward_call(*input, **kwargs)
  File "/Users/linshangjin/Desktop/dachuang/models/unified/source/models/ASDFormer/ASDFormer.py", line 382, in forward
    input_nodes = self.self_attn_layer_norm(input_nodes)  # normalize
  File "/Users/linshangjin/opt/anaconda3/envs/unified/lib/python3.9/site-packages/torch/nn/modules/module.py", line 1130, in _call_impl
    return forward_call(*input, **kwargs)
  File "/Users/linshangjin/opt/anaconda3/envs/unified/lib/python3.9/site-packages/torch/nn/modules/normalization.py", line 189, in forward
    return F.layer_norm(
  File "/Users/linshangjin/opt/anaconda3/envs/unified/lib/python3.9/site-packages/torch/nn/functional.py", line 2503, in layer_norm
    return torch.layer_norm(input, normalized_shape, weight, bias, eps, torch.backends.cudnn.enabled)
RuntimeError: view size is not compatible with input tensor's size and stride (at least one dimension spans across two contiguous subspaces). Use .reshape(...) instead.

Set the environment variable HYDRA_FULL_ERROR=1 for a complete stack trace.

ERROR conda.cli.main_run:execute(125): `conda run python -m source --multirun datasz=100p model=ASDFormer,comtf,bnt dataset=ADHD200 repeat_time=1 preprocess=non_mixup` failed. (See above for error)
[2026-02-28 22:02:34,119][HYDRA] Launching 3 jobs locally
[2026-02-28 22:02:34,119][HYDRA] 	#0 : datasz=100p model=ASDFormer dataset=ADHD200 repeat_time=1 preprocess=non_mixup
#model params: 3600638
[2026-02-28 22:02:35,577][HYDRA] 	#1 : datasz=100p model=comtf dataset=ADHD200 repeat_time=1 preprocess=non_mixup
nhead = 8
[2026-02-28 22:02:35,862][HYDRA] 	#2 : datasz=100p model=bnt dataset=ADHD200 repeat_time=1 preprocess=non_mixup
#model params: 3980890
test acc mean:66.66666412353516  std: 0.0
test auc mean:0.625  std: 0.0
test sensitivity mean:0.0  std: 0.0
test specificity mean:1.0  std: 0.0


=
训练完成！
日志已保存到: logs/train_20260228_220227.log

结果摘要:
test acc mean:66.66666412353516  std: 0.0
test auc mean:0.625  std: 0.0
test sensitivity mean:0.0  std: 0.0
test specificity mean:1.0  std: 0.0
