/Users/linshangjin/opt/anaconda3/envs/unified/lib/python3.9/site-packages/hydra/_internal/defaults_list.py:251: UserWarning: In 'config': Defaults list is missing `_self_`. See https://hydra.cc/docs/1.2/upgrades/1.0_to_1.1/default_composition_order for more information
  warnings.warn(msg, UserWarning)
wandb: WARNING Using a boolean value for 'reinit' is deprecated. Use 'return_previous' or 'finish_previous' instead.
wandb: Tracking run with wandb version 0.25.0
wandb: W&B syncing is set to `offline` in this directory. Run `wandb online` or set WANDB_MODE=online to enable cloud syncing.
wandb: Run data is saved locally in /Users/linshangjin/Desktop/dachuang/models/unified/wandb/offline-run-20260228_220954-y970en9w
/Users/linshangjin/Desktop/dachuang/models/unified/source/dataset/preprocess.py:15: RuntimeWarning: invalid value encountered in divide
  return (data - self.mean) / self.std
[2026-02-28 22:09:59,565][optimizer.py][L13][INFO] Parameters [normal] length [48]
[2026-02-28 22:09:59,568][training.py][L38][INFO] #model params: 3600638
/Users/linshangjin/Desktop/dachuang/models/unified/source/models/ASDFormer/ASDFormer.py:718: UserWarning: The operator 'aten::index.Tensor' is not currently supported on the MPS backend and will fall back to run on the CPU. This may have performance implications. (Triggered internally at  /Users/runner/work/pytorch/pytorch/pytorch/aten/src/ATen/mps/MPSFallback.mm:11.)
  time_series_rearranged = time_series[:, rearranged_indices, :]
/Users/linshangjin/opt/anaconda3/envs/unified/lib/python3.9/site-packages/hydra/_internal/defaults_list.py:251: UserWarning: In 'config': Defaults list is missing `_self_`. See https://hydra.cc/docs/1.2/upgrades/1.0_to_1.1/default_composition_order for more information
  warnings.warn(msg, UserWarning)
wandb: Finishing previous runs because reinit is set to True.
wandb: You can sync this run to the cloud by running:
wandb: wandb sync /Users/linshangjin/Desktop/dachuang/models/unified/wandb/offline-run-20260228_220954-y970en9w
wandb: Find logs at: ./wandb/offline-run-20260228_220954-y970en9w/logs
wandb: Tracking run with wandb version 0.25.0
wandb: W&B syncing is set to `offline` in this directory. Run `wandb online` or set WANDB_MODE=online to enable cloud syncing.
wandb: Run data is saved locally in /Users/linshangjin/Desktop/dachuang/models/unified/wandb/offline-run-20260228_221001-9mj5fnva
/Users/linshangjin/Desktop/dachuang/models/unified/source/dataset/preprocess.py:15: RuntimeWarning: invalid value encountered in divide
  return (data - self.mean) / self.std
/Users/linshangjin/opt/anaconda3/envs/unified/lib/python3.9/site-packages/hydra/_internal/defaults_list.py:251: UserWarning: In 'config': Defaults list is missing `_self_`. See https://hydra.cc/docs/1.2/upgrades/1.0_to_1.1/default_composition_order for more information
  warnings.warn(msg, UserWarning)
wandb: Finishing previous runs because reinit is set to True.
wandb: You can sync this run to the cloud by running:
wandb: wandb sync /Users/linshangjin/Desktop/dachuang/models/unified/wandb/offline-run-20260228_221001-9mj5fnva
wandb: Find logs at: ./wandb/offline-run-20260228_221001-9mj5fnva/logs
wandb: Tracking run with wandb version 0.25.0
wandb: W&B syncing is set to `offline` in this directory. Run `wandb online` or set WANDB_MODE=online to enable cloud syncing.
wandb: Run data is saved locally in /Users/linshangjin/Desktop/dachuang/models/unified/wandb/offline-run-20260228_221003-4xuogz85
/Users/linshangjin/Desktop/dachuang/models/unified/source/dataset/preprocess.py:15: RuntimeWarning: invalid value encountered in divide
  return (data - self.mean) / self.std
/Users/linshangjin/opt/anaconda3/envs/unified/lib/python3.9/site-packages/torch/nn/_reduction.py:42: UserWarning: size_average and reduce args will be deprecated, please use reduction='sum' instead.
  warnings.warn(warning.format(ret))
[2026-02-28 22:10:06,289][optimizer.py][L13][INFO] Parameters [normal] length [39]
[2026-02-28 22:10:06,290][training.py][L38][INFO] #model params: 3980890
Error executing job with overrides: ['datasz=100p', 'model=ASDFormer', 'dataset=MDD', 'repeat_time=1', 'preprocess=non_mixup']
Traceback (most recent call last):
  File "/Users/linshangjin/Desktop/dachuang/models/unified/source/__main__.py", line 50, in main
    t_acc, t_auc, t_sen, t_spec = model_training(cfg)
  File "/Users/linshangjin/Desktop/dachuang/models/unified/source/__main__.py", line 30, in model_training
    return training.train()
  File "/Users/linshangjin/Desktop/dachuang/models/unified/source/training/training.py", line 200, in train
    self.train_per_epoch(self.optimizers[0], self.lr_schedulers[0])
  File "/Users/linshangjin/Desktop/dachuang/models/unified/source/training/training.py", line 99, in train_per_epoch
    predict, aux_loss = self._forward(time_series, node_feature, partial_node_feature)
  File "/Users/linshangjin/Desktop/dachuang/models/unified/source/training/training.py", line 71, in _forward
    output = self.model(time_series, node_feature, partial_node_feature)
  File "/Users/linshangjin/opt/anaconda3/envs/unified/lib/python3.9/site-packages/torch/nn/modules/module.py", line 1130, in _call_impl
    return forward_call(*input, **kwargs)
  File "/Users/linshangjin/Desktop/dachuang/models/unified/source/models/ASDFormer/ASDFormer.py", line 761, in forward
    encoder_outputs, all_attn_softmax, gates, topk_info = self.encoder(
  File "/Users/linshangjin/opt/anaconda3/envs/unified/lib/python3.9/site-packages/torch/nn/modules/module.py", line 1130, in _call_impl
    return forward_call(*input, **kwargs)
  File "/Users/linshangjin/Desktop/dachuang/models/unified/source/models/ASDFormer/ASDFormer.py", line 656, in forward
    inner_states, all_attn_softmax = self.encoder( FC_matrix )
  File "/Users/linshangjin/opt/anaconda3/envs/unified/lib/python3.9/site-packages/torch/nn/modules/module.py", line 1130, in _call_impl
    return forward_call(*input, **kwargs)
  File "/Users/linshangjin/Desktop/dachuang/models/unified/source/models/ASDFormer/ASDFormer.py", line 314, in forward
    input_nodes, attn = layer(input_nodes)
  File "/Users/linshangjin/opt/anaconda3/envs/unified/lib/python3.9/site-packages/torch/nn/modules/module.py", line 1130, in _call_impl
    return forward_call(*input, **kwargs)
  File "/Users/linshangjin/Desktop/dachuang/models/unified/source/models/ASDFormer/ASDFormer.py", line 382, in forward
    input_nodes = self.self_attn_layer_norm(input_nodes)  # normalize
  File "/Users/linshangjin/opt/anaconda3/envs/unified/lib/python3.9/site-packages/torch/nn/modules/module.py", line 1130, in _call_impl
    return forward_call(*input, **kwargs)
  File "/Users/linshangjin/opt/anaconda3/envs/unified/lib/python3.9/site-packages/torch/nn/modules/normalization.py", line 189, in forward
    return F.layer_norm(
  File "/Users/linshangjin/opt/anaconda3/envs/unified/lib/python3.9/site-packages/torch/nn/functional.py", line 2503, in layer_norm
    return torch.layer_norm(input, normalized_shape, weight, bias, eps, torch.backends.cudnn.enabled)
RuntimeError: view size is not compatible with input tensor's size and stride (at least one dimension spans across two contiguous subspaces). Use .reshape(...) instead.

Set the environment variable HYDRA_FULL_ERROR=1 for a complete stack trace.

ERROR conda.cli.main_run:execute(125): `conda run python -m source --multirun datasz=100p model=ASDFormer,comtf,bnt dataset=MDD repeat_time=1 preprocess=non_mixup` failed. (See above for error)
[2026-02-28 22:09:54,652][HYDRA] Launching 3 jobs locally
[2026-02-28 22:09:54,652][HYDRA] 	#0 : datasz=100p model=ASDFormer dataset=MDD repeat_time=1 preprocess=non_mixup
#model params: 3600638
[2026-02-28 22:10:00,878][HYDRA] 	#1 : datasz=100p model=comtf dataset=MDD repeat_time=1 preprocess=non_mixup
nhead = 8
[2026-02-28 22:10:03,375][HYDRA] 	#2 : datasz=100p model=bnt dataset=MDD repeat_time=1 preprocess=non_mixup
[1;34mwandb[0m: 
[1;34mwandb[0m: You can sync this run to the cloud by running:
[1;34mwandb[0m: [1mwandb sync /Users/linshangjin/Desktop/dachuang/models/unified/wandb/offline-run-20260228_221003-4xuogz85[0m
[1;34mwandb[0m: Find logs at: [1;35mwandb/offline-run-20260228_221003-4xuogz85/logs[0m
#model params: 3980890

